// Jest Snapshot v1, https://goo.gl/fbAQLP

exports[`Ingredients component should work as expected Ingredients loading screen snapshot 1`] = `
<View>
  <ActivityIndicator
    animating={true}
    color="#999999"
    hidesWhenStopped={true}
    size="small"
  />
</View>
`;
